train.sh complete
train.sh complete
train.sh complete
train.sh complete
train.sh complete
